// Jest Snapshot v1, https://goo.gl/fbAQLP

exports[`<PostList/> matches snapshot 1`] = `
"<PostList listTitle=\\"테스트\\" postList={{...}}>
  <div className=\\"PostList\\">
    <h2>
      테스트
    </h2>
    <PostListItem post={{...}}>
      <div className=\\"PostListItem\\">
        <div className=\\"title\\">
          <Link href=\\"/post/1\\">
            <a onClick={[Function: onClick]} onMouseEnter={[Function (anonymous)]} href=\\"/post/1\\">
              테스트 제목 Mock
            </a>
          </Link>
        </div>
        <div className=\\"info\\">
          <span>
            <ForwardRef(LikeOutlined)>
              <AntdIcon icon={{...}}>
                <span role=\\"img\\" aria-label=\\"like\\" tabIndex={[undefined]} onClick={[undefined]} className=\\"anticon anticon-like\\">
                  <IconReact icon={{...}} primaryColor={[undefined]} secondaryColor={[undefined]} style={[undefined]}>
                    <svg viewBox=\\"64 64 896 896\\" focusable=\\"false\\" className={[undefined]} onClick={[undefined]} style={[undefined]} data-icon=\\"like\\" width=\\"1em\\" height=\\"1em\\" fill=\\"currentColor\\" aria-hidden=\\"true\\">
                      <path d=\\"M885.9 533.7c16.8-22.2 26.1-49.4 26.1-77.7 0-44.9-25.1-87.4-65.5-111.1a67.67 67.67 0 00-34.3-9.3H572.4l6-122.9c1.4-29.7-9.1-57.9-29.5-79.4A106.62 106.62 0 00471 99.9c-52 0-98 35-111.8 85.1l-85.9 311H144c-17.7 0-32 14.3-32 32v364c0 17.7 14.3 32 32 32h601.3c9.2 0 18.2-1.8 26.5-5.4 47.6-20.3 78.3-66.8 78.3-118.4 0-12.6-1.8-25-5.4-37 16.8-22.2 26.1-49.4 26.1-77.7 0-12.6-1.8-25-5.4-37 16.8-22.2 26.1-49.4 26.1-77.7-.2-12.6-2-25.1-5.6-37.1zM184 852V568h81v284h-81zm636.4-353l-21.9 19 13.9 25.4a56.2 56.2 0 016.9 27.3c0 16.5-7.2 32.2-19.6 43l-21.9 19 13.9 25.4a56.2 56.2 0 016.9 27.3c0 16.5-7.2 32.2-19.6 43l-21.9 19 13.9 25.4a56.2 56.2 0 016.9 27.3c0 22.4-13.2 42.6-33.6 51.8H329V564.8l99.5-360.5a44.1 44.1 0 0142.2-32.3c7.6 0 15.1 2.2 21.1 6.7 9.9 7.4 15.2 18.6 14.6 30.5l-9.6 198.4h314.4C829 418.5 840 436.9 840 456c0 16.5-7.2 32.1-19.6 43z\\" />
                    </svg>
                  </IconReact>
                </span>
              </AntdIcon>
            </ForwardRef(LikeOutlined)>
             
            222
          </span>
          <span>
            <ForwardRef(EyeOutlined)>
              <AntdIcon icon={{...}}>
                <span role=\\"img\\" aria-label=\\"eye\\" tabIndex={[undefined]} onClick={[undefined]} className=\\"anticon anticon-eye\\">
                  <IconReact icon={{...}} primaryColor={[undefined]} secondaryColor={[undefined]} style={[undefined]}>
                    <svg viewBox=\\"64 64 896 896\\" focusable=\\"false\\" className={[undefined]} onClick={[undefined]} style={[undefined]} data-icon=\\"eye\\" width=\\"1em\\" height=\\"1em\\" fill=\\"currentColor\\" aria-hidden=\\"true\\">
                      <path d=\\"M942.2 486.2C847.4 286.5 704.1 186 512 186c-192.2 0-335.4 100.5-430.2 300.3a60.3 60.3 0 000 51.5C176.6 737.5 319.9 838 512 838c192.2 0 335.4-100.5 430.2-300.3 7.7-16.2 7.7-35 0-51.5zM512 766c-161.3 0-279.4-81.8-362.7-254C232.6 339.8 350.7 258 512 258c161.3 0 279.4 81.8 362.7 254C791.5 684.2 673.4 766 512 766zm-4-430c-97.2 0-176 78.8-176 176s78.8 176 176 176 176-78.8 176-176-78.8-176-176-176zm0 288c-61.9 0-112-50.1-112-112s50.1-112 112-112 112 50.1 112 112-50.1 112-112 112z\\" />
                    </svg>
                  </IconReact>
                </span>
              </AntdIcon>
            </ForwardRef(EyeOutlined)>
             
            222
          </span>
          <span className=\\"author\\">
            <Link href=\\"/user/MockUser\\">
              <a onClick={[Function: onClick]} onMouseEnter={[Function (anonymous)]} href=\\"/user/MockUser\\">
                MockUser
              </a>
            </Link>
          </span>
          <span className=\\"date\\">
            2021년 3월 10일
          </span>
        </div>
      </div>
    </PostListItem>
    <PostListItem post={{...}}>
      <div className=\\"PostListItem\\">
        <div className=\\"title\\">
          <Link href=\\"/post/2\\">
            <a onClick={[Function: onClick]} onMouseEnter={[Function (anonymous)]} href=\\"/post/2\\">
              테스트 제목 Mock
            </a>
          </Link>
        </div>
        <div className=\\"info\\">
          <span>
            <ForwardRef(LikeOutlined)>
              <AntdIcon icon={{...}}>
                <span role=\\"img\\" aria-label=\\"like\\" tabIndex={[undefined]} onClick={[undefined]} className=\\"anticon anticon-like\\">
                  <IconReact icon={{...}} primaryColor={[undefined]} secondaryColor={[undefined]} style={[undefined]}>
                    <svg viewBox=\\"64 64 896 896\\" focusable=\\"false\\" className={[undefined]} onClick={[undefined]} style={[undefined]} data-icon=\\"like\\" width=\\"1em\\" height=\\"1em\\" fill=\\"currentColor\\" aria-hidden=\\"true\\">
                      <path d=\\"M885.9 533.7c16.8-22.2 26.1-49.4 26.1-77.7 0-44.9-25.1-87.4-65.5-111.1a67.67 67.67 0 00-34.3-9.3H572.4l6-122.9c1.4-29.7-9.1-57.9-29.5-79.4A106.62 106.62 0 00471 99.9c-52 0-98 35-111.8 85.1l-85.9 311H144c-17.7 0-32 14.3-32 32v364c0 17.7 14.3 32 32 32h601.3c9.2 0 18.2-1.8 26.5-5.4 47.6-20.3 78.3-66.8 78.3-118.4 0-12.6-1.8-25-5.4-37 16.8-22.2 26.1-49.4 26.1-77.7 0-12.6-1.8-25-5.4-37 16.8-22.2 26.1-49.4 26.1-77.7-.2-12.6-2-25.1-5.6-37.1zM184 852V568h81v284h-81zm636.4-353l-21.9 19 13.9 25.4a56.2 56.2 0 016.9 27.3c0 16.5-7.2 32.2-19.6 43l-21.9 19 13.9 25.4a56.2 56.2 0 016.9 27.3c0 16.5-7.2 32.2-19.6 43l-21.9 19 13.9 25.4a56.2 56.2 0 016.9 27.3c0 22.4-13.2 42.6-33.6 51.8H329V564.8l99.5-360.5a44.1 44.1 0 0142.2-32.3c7.6 0 15.1 2.2 21.1 6.7 9.9 7.4 15.2 18.6 14.6 30.5l-9.6 198.4h314.4C829 418.5 840 436.9 840 456c0 16.5-7.2 32.1-19.6 43z\\" />
                    </svg>
                  </IconReact>
                </span>
              </AntdIcon>
            </ForwardRef(LikeOutlined)>
             
            222
          </span>
          <span>
            <ForwardRef(EyeOutlined)>
              <AntdIcon icon={{...}}>
                <span role=\\"img\\" aria-label=\\"eye\\" tabIndex={[undefined]} onClick={[undefined]} className=\\"anticon anticon-eye\\">
                  <IconReact icon={{...}} primaryColor={[undefined]} secondaryColor={[undefined]} style={[undefined]}>
                    <svg viewBox=\\"64 64 896 896\\" focusable=\\"false\\" className={[undefined]} onClick={[undefined]} style={[undefined]} data-icon=\\"eye\\" width=\\"1em\\" height=\\"1em\\" fill=\\"currentColor\\" aria-hidden=\\"true\\">
                      <path d=\\"M942.2 486.2C847.4 286.5 704.1 186 512 186c-192.2 0-335.4 100.5-430.2 300.3a60.3 60.3 0 000 51.5C176.6 737.5 319.9 838 512 838c192.2 0 335.4-100.5 430.2-300.3 7.7-16.2 7.7-35 0-51.5zM512 766c-161.3 0-279.4-81.8-362.7-254C232.6 339.8 350.7 258 512 258c161.3 0 279.4 81.8 362.7 254C791.5 684.2 673.4 766 512 766zm-4-430c-97.2 0-176 78.8-176 176s78.8 176 176 176 176-78.8 176-176-78.8-176-176-176zm0 288c-61.9 0-112-50.1-112-112s50.1-112 112-112 112 50.1 112 112-50.1 112-112 112z\\" />
                    </svg>
                  </IconReact>
                </span>
              </AntdIcon>
            </ForwardRef(EyeOutlined)>
             
            222
          </span>
          <span className=\\"author\\">
            <Link href=\\"/user/MockUser\\">
              <a onClick={[Function: onClick]} onMouseEnter={[Function (anonymous)]} href=\\"/user/MockUser\\">
                MockUser
              </a>
            </Link>
          </span>
          <span className=\\"date\\">
            2021년 3월 10일
          </span>
        </div>
      </div>
    </PostListItem>
    <PostListItem post={{...}}>
      <div className=\\"PostListItem\\">
        <div className=\\"title\\">
          <Link href=\\"/post/3\\">
            <a onClick={[Function: onClick]} onMouseEnter={[Function (anonymous)]} href=\\"/post/3\\">
              테스트 제목 Mock
            </a>
          </Link>
        </div>
        <div className=\\"info\\">
          <span>
            <ForwardRef(LikeOutlined)>
              <AntdIcon icon={{...}}>
                <span role=\\"img\\" aria-label=\\"like\\" tabIndex={[undefined]} onClick={[undefined]} className=\\"anticon anticon-like\\">
                  <IconReact icon={{...}} primaryColor={[undefined]} secondaryColor={[undefined]} style={[undefined]}>
                    <svg viewBox=\\"64 64 896 896\\" focusable=\\"false\\" className={[undefined]} onClick={[undefined]} style={[undefined]} data-icon=\\"like\\" width=\\"1em\\" height=\\"1em\\" fill=\\"currentColor\\" aria-hidden=\\"true\\">
                      <path d=\\"M885.9 533.7c16.8-22.2 26.1-49.4 26.1-77.7 0-44.9-25.1-87.4-65.5-111.1a67.67 67.67 0 00-34.3-9.3H572.4l6-122.9c1.4-29.7-9.1-57.9-29.5-79.4A106.62 106.62 0 00471 99.9c-52 0-98 35-111.8 85.1l-85.9 311H144c-17.7 0-32 14.3-32 32v364c0 17.7 14.3 32 32 32h601.3c9.2 0 18.2-1.8 26.5-5.4 47.6-20.3 78.3-66.8 78.3-118.4 0-12.6-1.8-25-5.4-37 16.8-22.2 26.1-49.4 26.1-77.7 0-12.6-1.8-25-5.4-37 16.8-22.2 26.1-49.4 26.1-77.7-.2-12.6-2-25.1-5.6-37.1zM184 852V568h81v284h-81zm636.4-353l-21.9 19 13.9 25.4a56.2 56.2 0 016.9 27.3c0 16.5-7.2 32.2-19.6 43l-21.9 19 13.9 25.4a56.2 56.2 0 016.9 27.3c0 16.5-7.2 32.2-19.6 43l-21.9 19 13.9 25.4a56.2 56.2 0 016.9 27.3c0 22.4-13.2 42.6-33.6 51.8H329V564.8l99.5-360.5a44.1 44.1 0 0142.2-32.3c7.6 0 15.1 2.2 21.1 6.7 9.9 7.4 15.2 18.6 14.6 30.5l-9.6 198.4h314.4C829 418.5 840 436.9 840 456c0 16.5-7.2 32.1-19.6 43z\\" />
                    </svg>
                  </IconReact>
                </span>
              </AntdIcon>
            </ForwardRef(LikeOutlined)>
             
            222
          </span>
          <span>
            <ForwardRef(EyeOutlined)>
              <AntdIcon icon={{...}}>
                <span role=\\"img\\" aria-label=\\"eye\\" tabIndex={[undefined]} onClick={[undefined]} className=\\"anticon anticon-eye\\">
                  <IconReact icon={{...}} primaryColor={[undefined]} secondaryColor={[undefined]} style={[undefined]}>
                    <svg viewBox=\\"64 64 896 896\\" focusable=\\"false\\" className={[undefined]} onClick={[undefined]} style={[undefined]} data-icon=\\"eye\\" width=\\"1em\\" height=\\"1em\\" fill=\\"currentColor\\" aria-hidden=\\"true\\">
                      <path d=\\"M942.2 486.2C847.4 286.5 704.1 186 512 186c-192.2 0-335.4 100.5-430.2 300.3a60.3 60.3 0 000 51.5C176.6 737.5 319.9 838 512 838c192.2 0 335.4-100.5 430.2-300.3 7.7-16.2 7.7-35 0-51.5zM512 766c-161.3 0-279.4-81.8-362.7-254C232.6 339.8 350.7 258 512 258c161.3 0 279.4 81.8 362.7 254C791.5 684.2 673.4 766 512 766zm-4-430c-97.2 0-176 78.8-176 176s78.8 176 176 176 176-78.8 176-176-78.8-176-176-176zm0 288c-61.9 0-112-50.1-112-112s50.1-112 112-112 112 50.1 112 112-50.1 112-112 112z\\" />
                    </svg>
                  </IconReact>
                </span>
              </AntdIcon>
            </ForwardRef(EyeOutlined)>
             
            222
          </span>
          <span className=\\"author\\">
            <Link href=\\"/user/MockUser\\">
              <a onClick={[Function: onClick]} onMouseEnter={[Function (anonymous)]} href=\\"/user/MockUser\\">
                MockUser
              </a>
            </Link>
          </span>
          <span className=\\"date\\">
            2021년 3월 10일
          </span>
        </div>
      </div>
    </PostListItem>
    <PostListItem post={{...}}>
      <div className=\\"PostListItem\\">
        <div className=\\"title\\">
          <Link href=\\"/post/4\\">
            <a onClick={[Function: onClick]} onMouseEnter={[Function (anonymous)]} href=\\"/post/4\\">
              테스트 제목 Mock
            </a>
          </Link>
        </div>
        <div className=\\"info\\">
          <span>
            <ForwardRef(LikeOutlined)>
              <AntdIcon icon={{...}}>
                <span role=\\"img\\" aria-label=\\"like\\" tabIndex={[undefined]} onClick={[undefined]} className=\\"anticon anticon-like\\">
                  <IconReact icon={{...}} primaryColor={[undefined]} secondaryColor={[undefined]} style={[undefined]}>
                    <svg viewBox=\\"64 64 896 896\\" focusable=\\"false\\" className={[undefined]} onClick={[undefined]} style={[undefined]} data-icon=\\"like\\" width=\\"1em\\" height=\\"1em\\" fill=\\"currentColor\\" aria-hidden=\\"true\\">
                      <path d=\\"M885.9 533.7c16.8-22.2 26.1-49.4 26.1-77.7 0-44.9-25.1-87.4-65.5-111.1a67.67 67.67 0 00-34.3-9.3H572.4l6-122.9c1.4-29.7-9.1-57.9-29.5-79.4A106.62 106.62 0 00471 99.9c-52 0-98 35-111.8 85.1l-85.9 311H144c-17.7 0-32 14.3-32 32v364c0 17.7 14.3 32 32 32h601.3c9.2 0 18.2-1.8 26.5-5.4 47.6-20.3 78.3-66.8 78.3-118.4 0-12.6-1.8-25-5.4-37 16.8-22.2 26.1-49.4 26.1-77.7 0-12.6-1.8-25-5.4-37 16.8-22.2 26.1-49.4 26.1-77.7-.2-12.6-2-25.1-5.6-37.1zM184 852V568h81v284h-81zm636.4-353l-21.9 19 13.9 25.4a56.2 56.2 0 016.9 27.3c0 16.5-7.2 32.2-19.6 43l-21.9 19 13.9 25.4a56.2 56.2 0 016.9 27.3c0 16.5-7.2 32.2-19.6 43l-21.9 19 13.9 25.4a56.2 56.2 0 016.9 27.3c0 22.4-13.2 42.6-33.6 51.8H329V564.8l99.5-360.5a44.1 44.1 0 0142.2-32.3c7.6 0 15.1 2.2 21.1 6.7 9.9 7.4 15.2 18.6 14.6 30.5l-9.6 198.4h314.4C829 418.5 840 436.9 840 456c0 16.5-7.2 32.1-19.6 43z\\" />
                    </svg>
                  </IconReact>
                </span>
              </AntdIcon>
            </ForwardRef(LikeOutlined)>
             
            222
          </span>
          <span>
            <ForwardRef(EyeOutlined)>
              <AntdIcon icon={{...}}>
                <span role=\\"img\\" aria-label=\\"eye\\" tabIndex={[undefined]} onClick={[undefined]} className=\\"anticon anticon-eye\\">
                  <IconReact icon={{...}} primaryColor={[undefined]} secondaryColor={[undefined]} style={[undefined]}>
                    <svg viewBox=\\"64 64 896 896\\" focusable=\\"false\\" className={[undefined]} onClick={[undefined]} style={[undefined]} data-icon=\\"eye\\" width=\\"1em\\" height=\\"1em\\" fill=\\"currentColor\\" aria-hidden=\\"true\\">
                      <path d=\\"M942.2 486.2C847.4 286.5 704.1 186 512 186c-192.2 0-335.4 100.5-430.2 300.3a60.3 60.3 0 000 51.5C176.6 737.5 319.9 838 512 838c192.2 0 335.4-100.5 430.2-300.3 7.7-16.2 7.7-35 0-51.5zM512 766c-161.3 0-279.4-81.8-362.7-254C232.6 339.8 350.7 258 512 258c161.3 0 279.4 81.8 362.7 254C791.5 684.2 673.4 766 512 766zm-4-430c-97.2 0-176 78.8-176 176s78.8 176 176 176 176-78.8 176-176-78.8-176-176-176zm0 288c-61.9 0-112-50.1-112-112s50.1-112 112-112 112 50.1 112 112-50.1 112-112 112z\\" />
                    </svg>
                  </IconReact>
                </span>
              </AntdIcon>
            </ForwardRef(EyeOutlined)>
             
            222
          </span>
          <span className=\\"author\\">
            <Link href=\\"/user/MockUser\\">
              <a onClick={[Function: onClick]} onMouseEnter={[Function (anonymous)]} href=\\"/user/MockUser\\">
                MockUser
              </a>
            </Link>
          </span>
          <span className=\\"date\\">
            2021년 3월 10일
          </span>
        </div>
      </div>
    </PostListItem>
    <PostListItem post={{...}}>
      <div className=\\"PostListItem\\">
        <div className=\\"title\\">
          <Link href=\\"/post/5\\">
            <a onClick={[Function: onClick]} onMouseEnter={[Function (anonymous)]} href=\\"/post/5\\">
              테스트 제목 Mock
            </a>
          </Link>
        </div>
        <div className=\\"info\\">
          <span>
            <ForwardRef(LikeOutlined)>
              <AntdIcon icon={{...}}>
                <span role=\\"img\\" aria-label=\\"like\\" tabIndex={[undefined]} onClick={[undefined]} className=\\"anticon anticon-like\\">
                  <IconReact icon={{...}} primaryColor={[undefined]} secondaryColor={[undefined]} style={[undefined]}>
                    <svg viewBox=\\"64 64 896 896\\" focusable=\\"false\\" className={[undefined]} onClick={[undefined]} style={[undefined]} data-icon=\\"like\\" width=\\"1em\\" height=\\"1em\\" fill=\\"currentColor\\" aria-hidden=\\"true\\">
                      <path d=\\"M885.9 533.7c16.8-22.2 26.1-49.4 26.1-77.7 0-44.9-25.1-87.4-65.5-111.1a67.67 67.67 0 00-34.3-9.3H572.4l6-122.9c1.4-29.7-9.1-57.9-29.5-79.4A106.62 106.62 0 00471 99.9c-52 0-98 35-111.8 85.1l-85.9 311H144c-17.7 0-32 14.3-32 32v364c0 17.7 14.3 32 32 32h601.3c9.2 0 18.2-1.8 26.5-5.4 47.6-20.3 78.3-66.8 78.3-118.4 0-12.6-1.8-25-5.4-37 16.8-22.2 26.1-49.4 26.1-77.7 0-12.6-1.8-25-5.4-37 16.8-22.2 26.1-49.4 26.1-77.7-.2-12.6-2-25.1-5.6-37.1zM184 852V568h81v284h-81zm636.4-353l-21.9 19 13.9 25.4a56.2 56.2 0 016.9 27.3c0 16.5-7.2 32.2-19.6 43l-21.9 19 13.9 25.4a56.2 56.2 0 016.9 27.3c0 16.5-7.2 32.2-19.6 43l-21.9 19 13.9 25.4a56.2 56.2 0 016.9 27.3c0 22.4-13.2 42.6-33.6 51.8H329V564.8l99.5-360.5a44.1 44.1 0 0142.2-32.3c7.6 0 15.1 2.2 21.1 6.7 9.9 7.4 15.2 18.6 14.6 30.5l-9.6 198.4h314.4C829 418.5 840 436.9 840 456c0 16.5-7.2 32.1-19.6 43z\\" />
                    </svg>
                  </IconReact>
                </span>
              </AntdIcon>
            </ForwardRef(LikeOutlined)>
             
            222
          </span>
          <span>
            <ForwardRef(EyeOutlined)>
              <AntdIcon icon={{...}}>
                <span role=\\"img\\" aria-label=\\"eye\\" tabIndex={[undefined]} onClick={[undefined]} className=\\"anticon anticon-eye\\">
                  <IconReact icon={{...}} primaryColor={[undefined]} secondaryColor={[undefined]} style={[undefined]}>
                    <svg viewBox=\\"64 64 896 896\\" focusable=\\"false\\" className={[undefined]} onClick={[undefined]} style={[undefined]} data-icon=\\"eye\\" width=\\"1em\\" height=\\"1em\\" fill=\\"currentColor\\" aria-hidden=\\"true\\">
                      <path d=\\"M942.2 486.2C847.4 286.5 704.1 186 512 186c-192.2 0-335.4 100.5-430.2 300.3a60.3 60.3 0 000 51.5C176.6 737.5 319.9 838 512 838c192.2 0 335.4-100.5 430.2-300.3 7.7-16.2 7.7-35 0-51.5zM512 766c-161.3 0-279.4-81.8-362.7-254C232.6 339.8 350.7 258 512 258c161.3 0 279.4 81.8 362.7 254C791.5 684.2 673.4 766 512 766zm-4-430c-97.2 0-176 78.8-176 176s78.8 176 176 176 176-78.8 176-176-78.8-176-176-176zm0 288c-61.9 0-112-50.1-112-112s50.1-112 112-112 112 50.1 112 112-50.1 112-112 112z\\" />
                    </svg>
                  </IconReact>
                </span>
              </AntdIcon>
            </ForwardRef(EyeOutlined)>
             
            222
          </span>
          <span className=\\"author\\">
            <Link href=\\"/user/MockUser\\">
              <a onClick={[Function: onClick]} onMouseEnter={[Function (anonymous)]} href=\\"/user/MockUser\\">
                MockUser
              </a>
            </Link>
          </span>
          <span className=\\"date\\">
            2021년 3월 10일
          </span>
        </div>
      </div>
    </PostListItem>
    <PostListItem post={{...}}>
      <div className=\\"PostListItem\\">
        <div className=\\"title\\">
          <Link href=\\"/post/6\\">
            <a onClick={[Function: onClick]} onMouseEnter={[Function (anonymous)]} href=\\"/post/6\\">
              테스트 제목 Mock
            </a>
          </Link>
        </div>
        <div className=\\"info\\">
          <span>
            <ForwardRef(LikeOutlined)>
              <AntdIcon icon={{...}}>
                <span role=\\"img\\" aria-label=\\"like\\" tabIndex={[undefined]} onClick={[undefined]} className=\\"anticon anticon-like\\">
                  <IconReact icon={{...}} primaryColor={[undefined]} secondaryColor={[undefined]} style={[undefined]}>
                    <svg viewBox=\\"64 64 896 896\\" focusable=\\"false\\" className={[undefined]} onClick={[undefined]} style={[undefined]} data-icon=\\"like\\" width=\\"1em\\" height=\\"1em\\" fill=\\"currentColor\\" aria-hidden=\\"true\\">
                      <path d=\\"M885.9 533.7c16.8-22.2 26.1-49.4 26.1-77.7 0-44.9-25.1-87.4-65.5-111.1a67.67 67.67 0 00-34.3-9.3H572.4l6-122.9c1.4-29.7-9.1-57.9-29.5-79.4A106.62 106.62 0 00471 99.9c-52 0-98 35-111.8 85.1l-85.9 311H144c-17.7 0-32 14.3-32 32v364c0 17.7 14.3 32 32 32h601.3c9.2 0 18.2-1.8 26.5-5.4 47.6-20.3 78.3-66.8 78.3-118.4 0-12.6-1.8-25-5.4-37 16.8-22.2 26.1-49.4 26.1-77.7 0-12.6-1.8-25-5.4-37 16.8-22.2 26.1-49.4 26.1-77.7-.2-12.6-2-25.1-5.6-37.1zM184 852V568h81v284h-81zm636.4-353l-21.9 19 13.9 25.4a56.2 56.2 0 016.9 27.3c0 16.5-7.2 32.2-19.6 43l-21.9 19 13.9 25.4a56.2 56.2 0 016.9 27.3c0 16.5-7.2 32.2-19.6 43l-21.9 19 13.9 25.4a56.2 56.2 0 016.9 27.3c0 22.4-13.2 42.6-33.6 51.8H329V564.8l99.5-360.5a44.1 44.1 0 0142.2-32.3c7.6 0 15.1 2.2 21.1 6.7 9.9 7.4 15.2 18.6 14.6 30.5l-9.6 198.4h314.4C829 418.5 840 436.9 840 456c0 16.5-7.2 32.1-19.6 43z\\" />
                    </svg>
                  </IconReact>
                </span>
              </AntdIcon>
            </ForwardRef(LikeOutlined)>
             
            222
          </span>
          <span>
            <ForwardRef(EyeOutlined)>
              <AntdIcon icon={{...}}>
                <span role=\\"img\\" aria-label=\\"eye\\" tabIndex={[undefined]} onClick={[undefined]} className=\\"anticon anticon-eye\\">
                  <IconReact icon={{...}} primaryColor={[undefined]} secondaryColor={[undefined]} style={[undefined]}>
                    <svg viewBox=\\"64 64 896 896\\" focusable=\\"false\\" className={[undefined]} onClick={[undefined]} style={[undefined]} data-icon=\\"eye\\" width=\\"1em\\" height=\\"1em\\" fill=\\"currentColor\\" aria-hidden=\\"true\\">
                      <path d=\\"M942.2 486.2C847.4 286.5 704.1 186 512 186c-192.2 0-335.4 100.5-430.2 300.3a60.3 60.3 0 000 51.5C176.6 737.5 319.9 838 512 838c192.2 0 335.4-100.5 430.2-300.3 7.7-16.2 7.7-35 0-51.5zM512 766c-161.3 0-279.4-81.8-362.7-254C232.6 339.8 350.7 258 512 258c161.3 0 279.4 81.8 362.7 254C791.5 684.2 673.4 766 512 766zm-4-430c-97.2 0-176 78.8-176 176s78.8 176 176 176 176-78.8 176-176-78.8-176-176-176zm0 288c-61.9 0-112-50.1-112-112s50.1-112 112-112 112 50.1 112 112-50.1 112-112 112z\\" />
                    </svg>
                  </IconReact>
                </span>
              </AntdIcon>
            </ForwardRef(EyeOutlined)>
             
            222
          </span>
          <span className=\\"author\\">
            <Link href=\\"/user/MockUser\\">
              <a onClick={[Function: onClick]} onMouseEnter={[Function (anonymous)]} href=\\"/user/MockUser\\">
                MockUser
              </a>
            </Link>
          </span>
          <span className=\\"date\\">
            2021년 3월 10일
          </span>
        </div>
      </div>
    </PostListItem>
  </div>
</PostList>"
`;

exports[`<PostListItem /> matches snapshot 1`] = `
"<PostListItem post={{...}}>
  <div className=\\"PostListItem\\">
    <div className=\\"title\\">
      <Link href=\\"/post/1\\">
        <a onClick={[Function: onClick]} onMouseEnter={[Function (anonymous)]} href=\\"/post/1\\">
          투자의 책임은 너에게
        </a>
      </Link>
    </div>
    <div className=\\"info\\">
      <span>
        <ForwardRef(LikeOutlined)>
          <AntdIcon icon={{...}}>
            <span role=\\"img\\" aria-label=\\"like\\" tabIndex={[undefined]} onClick={[undefined]} className=\\"anticon anticon-like\\">
              <IconReact icon={{...}} primaryColor={[undefined]} secondaryColor={[undefined]} style={[undefined]}>
                <svg viewBox=\\"64 64 896 896\\" focusable=\\"false\\" className={[undefined]} onClick={[undefined]} style={[undefined]} data-icon=\\"like\\" width=\\"1em\\" height=\\"1em\\" fill=\\"currentColor\\" aria-hidden=\\"true\\">
                  <path d=\\"M885.9 533.7c16.8-22.2 26.1-49.4 26.1-77.7 0-44.9-25.1-87.4-65.5-111.1a67.67 67.67 0 00-34.3-9.3H572.4l6-122.9c1.4-29.7-9.1-57.9-29.5-79.4A106.62 106.62 0 00471 99.9c-52 0-98 35-111.8 85.1l-85.9 311H144c-17.7 0-32 14.3-32 32v364c0 17.7 14.3 32 32 32h601.3c9.2 0 18.2-1.8 26.5-5.4 47.6-20.3 78.3-66.8 78.3-118.4 0-12.6-1.8-25-5.4-37 16.8-22.2 26.1-49.4 26.1-77.7 0-12.6-1.8-25-5.4-37 16.8-22.2 26.1-49.4 26.1-77.7-.2-12.6-2-25.1-5.6-37.1zM184 852V568h81v284h-81zm636.4-353l-21.9 19 13.9 25.4a56.2 56.2 0 016.9 27.3c0 16.5-7.2 32.2-19.6 43l-21.9 19 13.9 25.4a56.2 56.2 0 016.9 27.3c0 16.5-7.2 32.2-19.6 43l-21.9 19 13.9 25.4a56.2 56.2 0 016.9 27.3c0 22.4-13.2 42.6-33.6 51.8H329V564.8l99.5-360.5a44.1 44.1 0 0142.2-32.3c7.6 0 15.1 2.2 21.1 6.7 9.9 7.4 15.2 18.6 14.6 30.5l-9.6 198.4h314.4C829 418.5 840 436.9 840 456c0 16.5-7.2 32.1-19.6 43z\\" />
                </svg>
              </IconReact>
            </span>
          </AntdIcon>
        </ForwardRef(LikeOutlined)>
         
        222
      </span>
      <span>
        <ForwardRef(EyeOutlined)>
          <AntdIcon icon={{...}}>
            <span role=\\"img\\" aria-label=\\"eye\\" tabIndex={[undefined]} onClick={[undefined]} className=\\"anticon anticon-eye\\">
              <IconReact icon={{...}} primaryColor={[undefined]} secondaryColor={[undefined]} style={[undefined]}>
                <svg viewBox=\\"64 64 896 896\\" focusable=\\"false\\" className={[undefined]} onClick={[undefined]} style={[undefined]} data-icon=\\"eye\\" width=\\"1em\\" height=\\"1em\\" fill=\\"currentColor\\" aria-hidden=\\"true\\">
                  <path d=\\"M942.2 486.2C847.4 286.5 704.1 186 512 186c-192.2 0-335.4 100.5-430.2 300.3a60.3 60.3 0 000 51.5C176.6 737.5 319.9 838 512 838c192.2 0 335.4-100.5 430.2-300.3 7.7-16.2 7.7-35 0-51.5zM512 766c-161.3 0-279.4-81.8-362.7-254C232.6 339.8 350.7 258 512 258c161.3 0 279.4 81.8 362.7 254C791.5 684.2 673.4 766 512 766zm-4-430c-97.2 0-176 78.8-176 176s78.8 176 176 176 176-78.8 176-176-78.8-176-176-176zm0 288c-61.9 0-112-50.1-112-112s50.1-112 112-112 112 50.1 112 112-50.1 112-112 112z\\" />
                </svg>
              </IconReact>
            </span>
          </AntdIcon>
        </ForwardRef(EyeOutlined)>
         
        22
      </span>
      <span className=\\"author\\">
        <Link href=\\"/user/gosu\\">
          <a onClick={[Function: onClick]} onMouseEnter={[Function (anonymous)]} href=\\"/user/gosu\\">
            gosu
          </a>
        </Link>
      </span>
      <span className=\\"date\\">
        2021년 1월 2일
      </span>
    </div>
  </div>
</PostListItem>"
`;
