// Jest Snapshot v1, https://goo.gl/fbAQLP

exports[`<GridPostList/> matches snapshot 1`] = `
"<GridPostList listTitle=\\"인기\\" postList={{...}}>
  <div className=\\"TilePostList\\">
    <h2 className=\\"listTitle\\">
      인기
    </h2>
    <div className=\\"smallWrapper\\">
      <GridViewItem value={{...}}>
        <div className=\\"item\\">
          <Link href=\\"/post/0\\">
            <a onClick={[Function: onClick]} onMouseEnter={[Function (anonymous)]} href=\\"/post/0\\">
              <div className=\\"thumbnail\\">
                <img src=\\"https://pbs.twimg.com/media/ESbTA4rUcAArJfB.jpg\\" alt={[undefined]} />
              </div>
            </a>
          </Link>
          <div className=\\"info\\">
            <h4>
               
              mockTitle
            </h4>
            <div className=\\"description\\">
              <p>
                1. 주식을 사기 보다는 때를 사라.챠트는 시세의 길잡이다.2.숲을 먼저 보고 나무를 보아라.3.사는 것 보다 파는 것이 더 중요하다.4.자신에게 가장 알맞는 투자 방법을 개발하라. 5.대중이 가는 뒤안 길에 꽃길이 있다.
              </p>
            </div>
            <div className=\\"subInfo\\">
              <span>
                2021년 3월 10일
              </span>
            </div>
          </div>
          <div className=\\"footer\\">
            <Link href=\\"/user/gosu\\">
              <a className=\\"author\\" onClick={[Function: onClick]} onMouseEnter={[Function (anonymous)]} href=\\"/user/gosu\\">
                by 
                <b>
                  gosu
                </b>
              </a>
            </Link>
            <div className=\\"like\\">
               🍕 
              222
            </div>
          </div>
        </div>
      </GridViewItem>
      <GridViewItem value={{...}}>
        <div className=\\"item\\">
          <Link href=\\"/post/0\\">
            <a onClick={[Function: onClick]} onMouseEnter={[Function (anonymous)]} href=\\"/post/0\\">
              <div className=\\"thumbnail\\">
                <img src=\\"https://pbs.twimg.com/media/ESbTA4rUcAArJfB.jpg\\" alt={[undefined]} />
              </div>
            </a>
          </Link>
          <div className=\\"info\\">
            <h4>
               
              ddd
            </h4>
            <div className=\\"description\\">
              <p>
                1. 주식을 사기 보다는 때를 사라.챠트는 시세의 길잡이다.2.숲을 먼저 보고 나무를 보아라.3.사는 것 보다 파는 것이 더 중요하다.4.자신에게 가장 알맞는 투자 방법을 개발하라. 5.대중이 가는 뒤안 길에 꽃길이 있다.
              </p>
            </div>
            <div className=\\"subInfo\\">
              <span>
                2021년 3월 10일
              </span>
            </div>
          </div>
          <div className=\\"footer\\">
            <Link href=\\"/user/gosu\\">
              <a className=\\"author\\" onClick={[Function: onClick]} onMouseEnter={[Function (anonymous)]} href=\\"/user/gosu\\">
                by 
                <b>
                  gosu
                </b>
              </a>
            </Link>
            <div className=\\"like\\">
               🍕 
              222
            </div>
          </div>
        </div>
      </GridViewItem>
      <GridViewItem value={{...}}>
        <div className=\\"item\\">
          <Link href=\\"/post/0\\">
            <a onClick={[Function: onClick]} onMouseEnter={[Function (anonymous)]} href=\\"/post/0\\">
              <div className=\\"thumbnail\\">
                <img src=\\"https://pbs.twimg.com/media/ESbTA4rUcAArJfB.jpg\\" alt={[undefined]} />
              </div>
            </a>
          </Link>
          <div className=\\"info\\">
            <h4>
               
              도지는 신이다
            </h4>
            <div className=\\"description\\">
              <p>
                화성 갈꺼니까
              </p>
            </div>
            <div className=\\"subInfo\\">
              <span>
                2021년 3월 10일
              </span>
            </div>
          </div>
          <div className=\\"footer\\">
            <Link href=\\"/user/영암머스크멜론\\">
              <a className=\\"author\\" onClick={[Function: onClick]} onMouseEnter={[Function (anonymous)]} href=\\"/user/%EC%98%81%EC%95%94%EB%A8%B8%EC%8A%A4%ED%81%AC%EB%A9%9C%EB%A1%A0\\">
                by 
                <b>
                  영암머스크멜론
                </b>
              </a>
            </Link>
            <div className=\\"like\\">
               🍕 
              0
            </div>
          </div>
        </div>
      </GridViewItem>
      <GridViewItem value={{...}}>
        <div className=\\"item\\">
          <Link href=\\"/post/0\\">
            <a onClick={[Function: onClick]} onMouseEnter={[Function (anonymous)]} href=\\"/post/0\\">
              <div className=\\"thumbnail\\">
                <img src=\\"https://pbs.twimg.com/media/ESbTA4rUcAArJfB.jpg\\" alt={[undefined]} />
              </div>
            </a>
          </Link>
          <div className=\\"info\\">
            <h4>
               
              ddd
            </h4>
            <div className=\\"description\\">
              <p>
                123123
              </p>
            </div>
            <div className=\\"subInfo\\">
              <span>
                2021년 3월 10일
              </span>
            </div>
          </div>
          <div className=\\"footer\\">
            <Link href=\\"/user/gosu\\">
              <a className=\\"author\\" onClick={[Function: onClick]} onMouseEnter={[Function (anonymous)]} href=\\"/user/gosu\\">
                by 
                <b>
                  gosu
                </b>
              </a>
            </Link>
            <div className=\\"like\\">
               🍕 
              222
            </div>
          </div>
        </div>
      </GridViewItem>
      <GridViewItem value={{...}}>
        <div className=\\"item\\">
          <Link href=\\"/post/0\\">
            <a onClick={[Function: onClick]} onMouseEnter={[Function (anonymous)]} href=\\"/post/0\\">
              <div className=\\"thumbnail\\">
                <img src=\\"https://pbs.twimg.com/media/ESbTA4rUcAArJfB.jpg\\" alt={[undefined]} />
              </div>
            </a>
          </Link>
          <div className=\\"info\\">
            <h4>
               
              ddd
            </h4>
            <div className=\\"description\\">
              <p>
                123123
              </p>
            </div>
            <div className=\\"subInfo\\">
              <span>
                2021년 3월 10일
              </span>
            </div>
          </div>
          <div className=\\"footer\\">
            <Link href=\\"/user/gosu\\">
              <a className=\\"author\\" onClick={[Function: onClick]} onMouseEnter={[Function (anonymous)]} href=\\"/user/gosu\\">
                by 
                <b>
                  gosu
                </b>
              </a>
            </Link>
            <div className=\\"like\\">
               🍕 
              222
            </div>
          </div>
        </div>
      </GridViewItem>
      <GridViewItem value={{...}}>
        <div className=\\"item\\">
          <Link href=\\"/post/0\\">
            <a onClick={[Function: onClick]} onMouseEnter={[Function (anonymous)]} href=\\"/post/0\\">
              <div className=\\"thumbnail\\">
                <img src=\\"https://pbs.twimg.com/media/ESbTA4rUcAArJfB.jpg\\" alt={[undefined]} />
              </div>
            </a>
          </Link>
          <div className=\\"info\\">
            <h4>
               
              ddd
            </h4>
            <div className=\\"description\\">
              <p>
                123123
              </p>
            </div>
            <div className=\\"subInfo\\">
              <span>
                2021년 3월 10일
              </span>
            </div>
          </div>
          <div className=\\"footer\\">
            <Link href=\\"/user/gosu\\">
              <a className=\\"author\\" onClick={[Function: onClick]} onMouseEnter={[Function (anonymous)]} href=\\"/user/gosu\\">
                by 
                <b>
                  gosu
                </b>
              </a>
            </Link>
            <div className=\\"like\\">
               🍕 
              222
            </div>
          </div>
        </div>
      </GridViewItem>
    </div>
  </div>
</GridPostList>"
`;
